[debug] [2025-10-20T15:32:03.720Z] ----------------------------------------------------------------------
[debug] [2025-10-20T15:32:03.724Z] Command:       /Users/edgarcarrascobaron/.nvm/versions/node/v22.1.0/bin/node /Users/edgarcarrascobaron/.nvm/versions/node/v22.1.0/bin/firebase emulators:start --only firestore,functions
[debug] [2025-10-20T15:32:03.724Z] CLI Version:   14.20.0
[debug] [2025-10-20T15:32:03.724Z] Platform:      darwin
[debug] [2025-10-20T15:32:03.724Z] Node Version:  v22.1.0
[debug] [2025-10-20T15:32:03.725Z] Time:          Mon Oct 20 2025 10:32:03 GMT-0500 (Colombia Standard Time)
[debug] [2025-10-20T15:32:03.725Z] ----------------------------------------------------------------------
[debug] 
[debug] [2025-10-20T15:32:03.977Z] > command requires scopes: ["email","openid","https://www.googleapis.com/auth/cloudplatformprojects.readonly","https://www.googleapis.com/auth/firebase","https://www.googleapis.com/auth/cloud-platform"]
[debug] [2025-10-20T15:32:03.977Z] > authorizing via signed-in user (edgarcarrascob06@gmail.com)
[debug] [2025-10-20T15:32:04.401Z] openjdk version "22.0.2" 2024-07-16

[debug] [2025-10-20T15:32:04.401Z] OpenJDK Runtime Environment Homebrew (build 22.0.2)
OpenJDK 64-Bit Server VM Homebrew (build 22.0.2, mixed mode, sharing)

[debug] [2025-10-20T15:32:04.408Z] Parsed Java major version: 22
[info] i  emulators: Starting emulators: functions, firestore {"metadata":{"emulator":{"name":"hub"},"message":"Starting emulators: functions, firestore"}}
[debug] [2025-10-20T15:32:05.576Z] [logging] Logging Emulator only supports listening on one address (127.0.0.1). Not listening on ::1
[debug] [2025-10-20T15:32:05.576Z] [firestore] Firestore Emulator only supports listening on one address (127.0.0.1). Not listening on ::1
[debug] [2025-10-20T15:32:05.577Z] [firestore.websocket] websocket server for firestore only supports listening on one address (127.0.0.1). Not listening on ::1
[debug] [2025-10-20T15:32:05.577Z] assigned listening specs for emulators {"user":{"hub":[{"address":"127.0.0.1","family":"IPv4","port":4400},{"address":"::1","family":"IPv6","port":4400}],"ui":[{"address":"127.0.0.1","family":"IPv4","port":4000},{"address":"::1","family":"IPv6","port":4000}],"logging":[{"address":"127.0.0.1","family":"IPv4","port":4500}],"firestore":[{"address":"127.0.0.1","family":"IPv4","port":8080}],"firestore.websocket":[{"address":"127.0.0.1","family":"IPv4","port":9150}]},"metadata":{"message":"assigned listening specs for emulators"}}
[debug] [2025-10-20T15:32:05.581Z] Emulator locator file path: /var/folders/rc/8fx96rt52kgb79qjs4kcvzy40000gn/T/hub-ncl-certificaciones.json
[debug] [2025-10-20T15:32:05.581Z] [hub] writing locator at /var/folders/rc/8fx96rt52kgb79qjs4kcvzy40000gn/T/hub-ncl-certificaciones.json
[debug] [2025-10-20T15:32:06.138Z] [functions] Functions Emulator only supports listening on one address (127.0.0.1). Not listening on ::1
[debug] [2025-10-20T15:32:06.138Z] [eventarc] Eventarc Emulator only supports listening on one address (127.0.0.1). Not listening on ::1
[debug] [2025-10-20T15:32:06.138Z] [tasks] Cloud Tasks Emulator only supports listening on one address (127.0.0.1). Not listening on ::1
[debug] [2025-10-20T15:32:06.138Z] late-assigned ports for functions and eventarc emulators {"user":{"hub":[{"address":"127.0.0.1","family":"IPv4","port":4400},{"address":"::1","family":"IPv6","port":4400}],"ui":[{"address":"127.0.0.1","family":"IPv4","port":4000},{"address":"::1","family":"IPv6","port":4000}],"logging":[{"address":"127.0.0.1","family":"IPv4","port":4500}],"firestore":[{"address":"127.0.0.1","family":"IPv4","port":8080}],"firestore.websocket":[{"address":"127.0.0.1","family":"IPv4","port":9150}],"functions":[{"address":"127.0.0.1","family":"IPv4","port":5001}],"eventarc":[{"address":"127.0.0.1","family":"IPv4","port":9299}],"tasks":[{"address":"127.0.0.1","family":"IPv4","port":9499}]},"metadata":{"message":"late-assigned ports for functions and eventarc emulators"}}
[warn] ⚠  functions: The following emulators are not running, calls to these services from the Functions emulator will affect production: apphosting, auth, database, hosting, pubsub, storage, dataconnect {"metadata":{"emulator":{"name":"functions"},"message":"The following emulators are not running, calls to these services from the Functions emulator will affect production: \u001b[1mapphosting, auth, database, hosting, pubsub, storage, dataconnect\u001b[22m"}}
[debug] [2025-10-20T15:32:06.259Z] defaultcredentials: writing to file /Users/edgarcarrascobaron/.config/firebase/edgarcarrascob06_gmail_com_application_default_credentials.json
[debug] [2025-10-20T15:32:06.262Z] Setting GAC to /Users/edgarcarrascobaron/.config/firebase/edgarcarrascob06_gmail_com_application_default_credentials.json {"metadata":{"emulator":{"name":"functions"},"message":"Setting GAC to /Users/edgarcarrascobaron/.config/firebase/edgarcarrascob06_gmail_com_application_default_credentials.json"}}
[debug] [2025-10-20T15:32:06.263Z] No OAuth tokens found
[debug] [2025-10-20T15:32:06.263Z] No OAuth tokens found
[debug] [2025-10-20T15:32:06.264Z] > refreshing access token with scopes: []
[debug] [2025-10-20T15:32:06.265Z] >>> [apiv2][query] POST https://www.googleapis.com/oauth2/v3/token [none]
[debug] [2025-10-20T15:32:06.266Z] >>> [apiv2][body] POST https://www.googleapis.com/oauth2/v3/token [omitted]
[debug] [2025-10-20T15:32:06.697Z] <<< [apiv2][status] POST https://www.googleapis.com/oauth2/v3/token 400
[debug] [2025-10-20T15:32:06.697Z] <<< [apiv2][body] POST https://www.googleapis.com/oauth2/v3/token [omitted]
[debug] [2025-10-20T15:32:06.697Z] >>> [apiv2][query] GET https://firebase.googleapis.com/v1beta1/projects/ncl-certificaciones/adminSdkConfig [none]
[debug] [2025-10-20T15:32:07.572Z] <<< [apiv2][status] GET https://firebase.googleapis.com/v1beta1/projects/ncl-certificaciones/adminSdkConfig 401
[debug] [2025-10-20T15:32:07.573Z] <<< [apiv2][body] GET https://firebase.googleapis.com/v1beta1/projects/ncl-certificaciones/adminSdkConfig {"error":{"code":401,"message":"Request had invalid authentication credentials. Expected OAuth 2 access token, login cookie or other valid authentication credential. See https://developers.google.com/identity/sign-in/web/devconsole-project.","status":"UNAUTHENTICATED"}}
[debug] [2025-10-20T15:32:07.573Z] Got a 401 Unauthenticated error for a call that required authentication. Refreshing tokens.
[debug] [2025-10-20T15:32:07.573Z] No OAuth tokens found
[debug] [2025-10-20T15:32:07.573Z] No OAuth tokens found
[debug] [2025-10-20T15:32:07.573Z] > refreshing access token with scopes: []
[debug] [2025-10-20T15:32:07.574Z] >>> [apiv2][query] POST https://www.googleapis.com/oauth2/v3/token [none]
[debug] [2025-10-20T15:32:07.574Z] >>> [apiv2][body] POST https://www.googleapis.com/oauth2/v3/token [omitted]
[debug] [2025-10-20T15:32:07.719Z] <<< [apiv2][status] POST https://www.googleapis.com/oauth2/v3/token 400
[debug] [2025-10-20T15:32:07.720Z] <<< [apiv2][body] POST https://www.googleapis.com/oauth2/v3/token [omitted]
[debug] [2025-10-20T15:32:07.720Z] Failed to get Admin SDK config for ncl-certificaciones, falling back to cache Failed to get Admin SDK for Firebase project ncl-certificaciones. Please make sure the project exists and your account has permission to access it. {"name":"FirebaseError","children":[],"exit":2,"message":"Failed to get Admin SDK for Firebase project ncl-certificaciones. Please make sure the project exists and your account has permission to access it.","original":{"name":"FirebaseError","children":[],"context":{"body":{"error":{"code":401,"message":"Request had invalid authentication credentials. Expected OAuth 2 access token, login cookie or other valid authentication credential. See https://developers.google.com/identity/sign-in/web/devconsole-project.","status":"UNAUTHENTICATED"}},"response":{"statusCode":401}},"exit":1,"message":"Request to https://firebase.googleapis.com/v1beta1/projects/ncl-certificaciones/adminSdkConfig had HTTP Error: 401, Request had invalid authentication credentials. Expected OAuth 2 access token, login cookie or other valid authentication credential. See https://developers.google.com/identity/sign-in/web/devconsole-project.","status":401},"status":500}
[info] i  firestore: downloading cloud-firestore-emulator-v1.19.8.jar... {"metadata":{"emulator":{"name":"firestore"},"message":"downloading cloud-firestore-emulator-v1.19.8.jar..."}}
[debug] [2025-10-20T15:32:07.736Z] >>> [apiv2][query] GET https://storage.googleapis.com/firebase-preview-drop/emulator/cloud-firestore-emulator-v1.19.8.jar 
[debug] [2025-10-20T15:32:08.250Z] <<< [apiv2][status] GET https://storage.googleapis.com/firebase-preview-drop/emulator/cloud-firestore-emulator-v1.19.8.jar 200
[debug] [2025-10-20T15:32:08.250Z] <<< [apiv2][body] GET https://storage.googleapis.com/firebase-preview-drop/emulator/cloud-firestore-emulator-v1.19.8.jar [stream]
[info] i  firestore: Removing outdated emulator files: cloud-firestore-emulator-v1.19.7.jar {"metadata":{"emulator":{"name":"firestore"},"message":"Removing outdated emulator files: cloud-firestore-emulator-v1.19.7.jar"}}
[debug] [2025-10-20T15:33:47.716Z] Ignoring unsupported arg: auto_download {"metadata":{"emulator":{"name":"firestore"},"message":"Ignoring unsupported arg: auto_download"}}
[debug] [2025-10-20T15:33:47.717Z] Ignoring unsupported arg: single_project_mode_error {"metadata":{"emulator":{"name":"firestore"},"message":"Ignoring unsupported arg: single_project_mode_error"}}
[debug] [2025-10-20T15:33:47.717Z] Starting Firestore Emulator with command {"binary":"java","args":["-Dgoogle.cloud_firestore.debug_log_level=FINE","-Duser.language=en","-jar","/Users/edgarcarrascobaron/.cache/firebase/emulators/cloud-firestore-emulator-v1.19.8.jar","--host","127.0.0.1","--port",8080,"--websocket_port",9150,"--project_id","ncl-certificaciones","--rules","/Users/edgarcarrascobaron/Documents/work/winter/projects/ncl-certificaciones/ncl-alistamiento-app/firestore.rules","--single_project_mode",true,"--functions_emulator","127.0.0.1:5001"],"optionalArgs":["port","webchannel_port","host","rules","websocket_port","functions_emulator","seed_from_export","project_id","single_project_mode"],"joinArgs":false,"shell":false,"port":8080} {"metadata":{"emulator":{"name":"firestore"},"message":"Starting Firestore Emulator with command {\"binary\":\"java\",\"args\":[\"-Dgoogle.cloud_firestore.debug_log_level=FINE\",\"-Duser.language=en\",\"-jar\",\"/Users/edgarcarrascobaron/.cache/firebase/emulators/cloud-firestore-emulator-v1.19.8.jar\",\"--host\",\"127.0.0.1\",\"--port\",8080,\"--websocket_port\",9150,\"--project_id\",\"ncl-certificaciones\",\"--rules\",\"/Users/edgarcarrascobaron/Documents/work/winter/projects/ncl-certificaciones/ncl-alistamiento-app/firestore.rules\",\"--single_project_mode\",true,\"--functions_emulator\",\"127.0.0.1:5001\"],\"optionalArgs\":[\"port\",\"webchannel_port\",\"host\",\"rules\",\"websocket_port\",\"functions_emulator\",\"seed_from_export\",\"project_id\",\"single_project_mode\"],\"joinArgs\":false,\"shell\":false,\"port\":8080}"}}
[info] i  firestore: Firestore Emulator logging to firestore-debug.log {"metadata":{"emulator":{"name":"firestore"},"message":"Firestore Emulator logging to \u001b[1mfirestore-debug.log\u001b[22m"}}
[debug] [2025-10-20T15:33:49.198Z] Oct 20, 2025 10:33:49 AM com.google.cloud.datastore.emulator.firestore.websocket.WebSocketServer start
INFO: Started WebSocket server on ws://127.0.0.1:9150
 {"metadata":{"emulator":{"name":"firestore"},"message":"Oct 20, 2025 10:33:49 AM com.google.cloud.datastore.emulator.firestore.websocket.WebSocketServer start\nINFO: Started WebSocket server on ws://127.0.0.1:9150\n"}}
[debug] [2025-10-20T15:33:49.221Z] API endpoint: http://127.0.0.1:8080 {"metadata":{"emulator":{"name":"firestore"},"message":"API endpoint: http://127.0.0.1:8080"}}
[debug] [2025-10-20T15:33:49.221Z] 
If you are using a library that supports the FIRESTORE_EMULATOR_HOST environment variable, run:

   export FIRESTORE_EMULATOR_HOST=127.0.0.1:8080

If you are running a Firestore in Datastore Mode project, run:

   export DATASTORE_EMULATOR_HOST=127.0.0.1:8080

Note: Support for Datastore Mode is in preview. If you encounter any bugs please file at https://github.com/firebase/firebase-tools/issues.
Dev App Server is now running.

 {"metadata":{"emulator":{"name":"firestore"},"message":"\nIf you are using a library that supports the FIRESTORE_EMULATOR_HOST environment variable, run:\n\n   export FIRESTORE_EMULATOR_HOST=127.0.0.1:8080\n\nIf you are running a Firestore in Datastore Mode project, run:\n\n   export DATASTORE_EMULATOR_HOST=127.0.0.1:8080\n\nNote: Support for Datastore Mode is in preview. If you encounter any bugs please file at https://github.com/firebase/firebase-tools/issues.\nDev App Server is now running.\n\n"}}
[info] ✔  firestore: Firestore Emulator UI websocket is running on 9150. {"metadata":{"emulator":{"name":"firestore"},"message":"Firestore Emulator UI websocket is running on 9150."}}
[info] i  ui: downloading ui-v1.15.0.zip... {"metadata":{"emulator":{"name":"ui"},"message":"downloading ui-v1.15.0.zip..."}}
[debug] [2025-10-20T15:33:49.345Z] >>> [apiv2][query] GET https://storage.googleapis.com/firebase-preview-drop/emulator/ui-v1.15.0.zip 
[debug] [2025-10-20T15:33:49.410Z] <<< [apiv2][status] GET https://storage.googleapis.com/firebase-preview-drop/emulator/ui-v1.15.0.zip 200
[debug] [2025-10-20T15:33:49.410Z] <<< [apiv2][body] GET https://storage.googleapis.com/firebase-preview-drop/emulator/ui-v1.15.0.zip [stream]
[debug] [2025-10-20T15:33:53.903Z] Data is 3538469
[debug] [2025-10-20T15:33:53.903Z] [unzip] Entry: client/ (compressed_size=0 bytes, uncompressed_size=0 bytes)
[debug] [2025-10-20T15:33:53.903Z] [unzip] Processing entry: client/
[debug] [2025-10-20T15:33:53.903Z] [unzip] mkdir: /Users/edgarcarrascobaron/.cache/firebase/emulators/ui-v1.15.0/client/
[debug] [2025-10-20T15:33:53.904Z] [unzip] Entry: client/favicon-16x16.png (compressed_size=293 bytes, uncompressed_size=293 bytes)
[debug] [2025-10-20T15:33:53.904Z] [unzip] Processing entry: client/favicon-16x16.png
[debug] [2025-10-20T15:33:53.905Z] [unzip] else mkdir: /Users/edgarcarrascobaron/.cache/firebase/emulators/ui-v1.15.0/client
[debug] [2025-10-20T15:33:53.905Z] [unzip] Writing file: /Users/edgarcarrascobaron/.cache/firebase/emulators/ui-v1.15.0/client/favicon-16x16.png
[debug] [2025-10-20T15:33:53.906Z] [unzip] Entry: client/safari-pinned-tab.svg (compressed_size=1433 bytes, uncompressed_size=2611 bytes)
[debug] [2025-10-20T15:33:53.906Z] [unzip] Processing entry: client/safari-pinned-tab.svg
[debug] [2025-10-20T15:33:53.906Z] [unzip] else mkdir: /Users/edgarcarrascobaron/.cache/firebase/emulators/ui-v1.15.0/client
[debug] [2025-10-20T15:33:53.906Z] [unzip] deflating: /Users/edgarcarrascobaron/.cache/firebase/emulators/ui-v1.15.0/client/safari-pinned-tab.svg
[debug] [2025-10-20T15:33:53.911Z] [unzip] Entry: client/favicon.ico (compressed_size=2933 bytes, uncompressed_size=13294 bytes)
[debug] [2025-10-20T15:33:53.911Z] [unzip] Processing entry: client/favicon.ico
[debug] [2025-10-20T15:33:53.911Z] [unzip] else mkdir: /Users/edgarcarrascobaron/.cache/firebase/emulators/ui-v1.15.0/client
[debug] [2025-10-20T15:33:53.912Z] [unzip] deflating: /Users/edgarcarrascobaron/.cache/firebase/emulators/ui-v1.15.0/client/favicon.ico
[debug] [2025-10-20T15:33:53.913Z] [unzip] Entry: client/index.html (compressed_size=1364 bytes, uncompressed_size=3071 bytes)
[debug] [2025-10-20T15:33:53.913Z] [unzip] Processing entry: client/index.html
[debug] [2025-10-20T15:33:53.913Z] [unzip] else mkdir: /Users/edgarcarrascobaron/.cache/firebase/emulators/ui-v1.15.0/client
[debug] [2025-10-20T15:33:53.913Z] [unzip] deflating: /Users/edgarcarrascobaron/.cache/firebase/emulators/ui-v1.15.0/client/index.html
[debug] [2025-10-20T15:33:53.914Z] [unzip] Entry: client/android-chrome-192x192.png (compressed_size=2684 bytes, uncompressed_size=2684 bytes)
[debug] [2025-10-20T15:33:53.915Z] [unzip] Processing entry: client/android-chrome-192x192.png
[debug] [2025-10-20T15:33:53.915Z] [unzip] else mkdir: /Users/edgarcarrascobaron/.cache/firebase/emulators/ui-v1.15.0/client
[debug] [2025-10-20T15:33:53.915Z] [unzip] Writing file: /Users/edgarcarrascobaron/.cache/firebase/emulators/ui-v1.15.0/client/android-chrome-192x192.png
[debug] [2025-10-20T15:33:53.916Z] [unzip] Entry: client/apple-touch-icon.png (compressed_size=2123 bytes, uncompressed_size=2152 bytes)
[debug] [2025-10-20T15:33:53.916Z] [unzip] Processing entry: client/apple-touch-icon.png
[debug] [2025-10-20T15:33:53.916Z] [unzip] else mkdir: /Users/edgarcarrascobaron/.cache/firebase/emulators/ui-v1.15.0/client
[debug] [2025-10-20T15:33:53.916Z] [unzip] deflating: /Users/edgarcarrascobaron/.cache/firebase/emulators/ui-v1.15.0/client/apple-touch-icon.png
[debug] [2025-10-20T15:33:53.917Z] [unzip] Entry: client/android-chrome-512x512.png (compressed_size=5369 bytes, uncompressed_size=5411 bytes)
[debug] [2025-10-20T15:33:53.917Z] [unzip] Processing entry: client/android-chrome-512x512.png
[debug] [2025-10-20T15:33:53.917Z] [unzip] else mkdir: /Users/edgarcarrascobaron/.cache/firebase/emulators/ui-v1.15.0/client
[debug] [2025-10-20T15:33:53.918Z] [unzip] deflating: /Users/edgarcarrascobaron/.cache/firebase/emulators/ui-v1.15.0/client/android-chrome-512x512.png
[debug] [2025-10-20T15:33:53.919Z] [unzip] Entry: client/manifest.json (compressed_size=245 bytes, uncompressed_size=551 bytes)
[debug] [2025-10-20T15:33:53.919Z] [unzip] Processing entry: client/manifest.json
[debug] [2025-10-20T15:33:53.919Z] [unzip] else mkdir: /Users/edgarcarrascobaron/.cache/firebase/emulators/ui-v1.15.0/client
[debug] [2025-10-20T15:33:53.919Z] [unzip] deflating: /Users/edgarcarrascobaron/.cache/firebase/emulators/ui-v1.15.0/client/manifest.json
[debug] [2025-10-20T15:33:53.920Z] [unzip] Entry: client/robots.txt (compressed_size=26 bytes, uncompressed_size=26 bytes)
[debug] [2025-10-20T15:33:53.921Z] [unzip] Processing entry: client/robots.txt
[debug] [2025-10-20T15:33:53.921Z] [unzip] else mkdir: /Users/edgarcarrascobaron/.cache/firebase/emulators/ui-v1.15.0/client
[debug] [2025-10-20T15:33:53.921Z] [unzip] Writing file: /Users/edgarcarrascobaron/.cache/firebase/emulators/ui-v1.15.0/client/robots.txt
[debug] [2025-10-20T15:33:53.922Z] [unzip] Entry: client/mstile-150x150.png (compressed_size=2034 bytes, uncompressed_size=2034 bytes)
[debug] [2025-10-20T15:33:53.922Z] [unzip] Processing entry: client/mstile-150x150.png
[debug] [2025-10-20T15:33:53.922Z] [unzip] else mkdir: /Users/edgarcarrascobaron/.cache/firebase/emulators/ui-v1.15.0/client
[debug] [2025-10-20T15:33:53.922Z] [unzip] Writing file: /Users/edgarcarrascobaron/.cache/firebase/emulators/ui-v1.15.0/client/mstile-150x150.png
[debug] [2025-10-20T15:33:53.923Z] [unzip] Entry: client/assets/ (compressed_size=0 bytes, uncompressed_size=0 bytes)
[debug] [2025-10-20T15:33:53.923Z] [unzip] Processing entry: client/assets/
[debug] [2025-10-20T15:33:53.923Z] [unzip] mkdir: /Users/edgarcarrascobaron/.cache/firebase/emulators/ui-v1.15.0/client/assets/
[debug] [2025-10-20T15:33:53.928Z] [unzip] Entry: client/assets/index-BX-A56oj.js (compressed_size=582089 bytes, uncompressed_size=2092775 bytes)
[debug] [2025-10-20T15:33:53.928Z] [unzip] Processing entry: client/assets/index-BX-A56oj.js
[debug] [2025-10-20T15:33:53.928Z] [unzip] else mkdir: /Users/edgarcarrascobaron/.cache/firebase/emulators/ui-v1.15.0/client/assets
[debug] [2025-10-20T15:33:53.928Z] [unzip] deflating: /Users/edgarcarrascobaron/.cache/firebase/emulators/ui-v1.15.0/client/assets/index-BX-A56oj.js
[debug] [2025-10-20T15:33:53.939Z] [unzip] Entry: client/assets/index-CjB9C900.css (compressed_size=35979 bytes, uncompressed_size=298654 bytes)
[debug] [2025-10-20T15:33:53.939Z] [unzip] Processing entry: client/assets/index-CjB9C900.css
[debug] [2025-10-20T15:33:53.939Z] [unzip] else mkdir: /Users/edgarcarrascobaron/.cache/firebase/emulators/ui-v1.15.0/client/assets
[debug] [2025-10-20T15:33:53.940Z] [unzip] deflating: /Users/edgarcarrascobaron/.cache/firebase/emulators/ui-v1.15.0/client/assets/index-CjB9C900.css
[debug] [2025-10-20T15:33:53.941Z] [unzip] Entry: client/assets/index-BX-A56oj.js.map (compressed_size=2362482 bytes, uncompressed_size=10036679 bytes)
[debug] [2025-10-20T15:33:53.941Z] [unzip] Processing entry: client/assets/index-BX-A56oj.js.map
[debug] [2025-10-20T15:33:53.941Z] [unzip] else mkdir: /Users/edgarcarrascobaron/.cache/firebase/emulators/ui-v1.15.0/client/assets
[debug] [2025-10-20T15:33:53.941Z] [unzip] deflating: /Users/edgarcarrascobaron/.cache/firebase/emulators/ui-v1.15.0/client/assets/index-BX-A56oj.js.map
[debug] [2025-10-20T15:33:53.994Z] [unzip] Entry: client/assets/extensions/ (compressed_size=0 bytes, uncompressed_size=0 bytes)
[debug] [2025-10-20T15:33:53.995Z] [unzip] Processing entry: client/assets/extensions/
[debug] [2025-10-20T15:33:53.995Z] [unzip] mkdir: /Users/edgarcarrascobaron/.cache/firebase/emulators/ui-v1.15.0/client/assets/extensions/
[debug] [2025-10-20T15:33:53.995Z] [unzip] Entry: client/assets/extensions/default-extension.png (compressed_size=1646 bytes, uncompressed_size=1657 bytes)
[debug] [2025-10-20T15:33:53.995Z] [unzip] Processing entry: client/assets/extensions/default-extension.png
[debug] [2025-10-20T15:33:53.995Z] [unzip] else mkdir: /Users/edgarcarrascobaron/.cache/firebase/emulators/ui-v1.15.0/client/assets/extensions
[debug] [2025-10-20T15:33:53.995Z] [unzip] deflating: /Users/edgarcarrascobaron/.cache/firebase/emulators/ui-v1.15.0/client/assets/extensions/default-extension.png
[debug] [2025-10-20T15:33:53.996Z] [unzip] Entry: client/assets/img/ (compressed_size=0 bytes, uncompressed_size=0 bytes)
[debug] [2025-10-20T15:33:53.996Z] [unzip] Processing entry: client/assets/img/
[debug] [2025-10-20T15:33:53.996Z] [unzip] mkdir: /Users/edgarcarrascobaron/.cache/firebase/emulators/ui-v1.15.0/client/assets/img/
[debug] [2025-10-20T15:33:53.996Z] [unzip] Entry: client/assets/img/database.png (compressed_size=29449 bytes, uncompressed_size=29988 bytes)
[debug] [2025-10-20T15:33:53.996Z] [unzip] Processing entry: client/assets/img/database.png
[debug] [2025-10-20T15:33:53.996Z] [unzip] else mkdir: /Users/edgarcarrascobaron/.cache/firebase/emulators/ui-v1.15.0/client/assets/img
[debug] [2025-10-20T15:33:53.996Z] [unzip] deflating: /Users/edgarcarrascobaron/.cache/firebase/emulators/ui-v1.15.0/client/assets/img/database.png
[debug] [2025-10-20T15:33:53.997Z] [unzip] Entry: client/assets/provider-icons/ (compressed_size=0 bytes, uncompressed_size=0 bytes)
[debug] [2025-10-20T15:33:53.997Z] [unzip] Processing entry: client/assets/provider-icons/
[debug] [2025-10-20T15:33:53.997Z] [unzip] mkdir: /Users/edgarcarrascobaron/.cache/firebase/emulators/ui-v1.15.0/client/assets/provider-icons/
[debug] [2025-10-20T15:33:53.997Z] [unzip] Entry: client/assets/provider-icons/auth_service_saml.svg (compressed_size=575 bytes, uncompressed_size=1226 bytes)
[debug] [2025-10-20T15:33:53.997Z] [unzip] Processing entry: client/assets/provider-icons/auth_service_saml.svg
[debug] [2025-10-20T15:33:53.997Z] [unzip] else mkdir: /Users/edgarcarrascobaron/.cache/firebase/emulators/ui-v1.15.0/client/assets/provider-icons
[debug] [2025-10-20T15:33:53.997Z] [unzip] deflating: /Users/edgarcarrascobaron/.cache/firebase/emulators/ui-v1.15.0/client/assets/provider-icons/auth_service_saml.svg
[debug] [2025-10-20T15:33:53.998Z] [unzip] Entry: client/assets/provider-icons/auth_service_phone.svg (compressed_size=261 bytes, uncompressed_size=414 bytes)
[debug] [2025-10-20T15:33:53.998Z] [unzip] Processing entry: client/assets/provider-icons/auth_service_phone.svg
[debug] [2025-10-20T15:33:53.998Z] [unzip] else mkdir: /Users/edgarcarrascobaron/.cache/firebase/emulators/ui-v1.15.0/client/assets/provider-icons
[debug] [2025-10-20T15:33:53.998Z] [unzip] deflating: /Users/edgarcarrascobaron/.cache/firebase/emulators/ui-v1.15.0/client/assets/provider-icons/auth_service_phone.svg
[debug] [2025-10-20T15:33:53.998Z] [unzip] Entry: client/assets/provider-icons/auth_service_facebook.svg (compressed_size=289 bytes, uncompressed_size=457 bytes)
[debug] [2025-10-20T15:33:53.999Z] [unzip] Processing entry: client/assets/provider-icons/auth_service_facebook.svg
[debug] [2025-10-20T15:33:53.999Z] [unzip] else mkdir: /Users/edgarcarrascobaron/.cache/firebase/emulators/ui-v1.15.0/client/assets/provider-icons
[debug] [2025-10-20T15:33:53.999Z] [unzip] deflating: /Users/edgarcarrascobaron/.cache/firebase/emulators/ui-v1.15.0/client/assets/provider-icons/auth_service_facebook.svg
[debug] [2025-10-20T15:33:53.999Z] [unzip] Entry: client/assets/provider-icons/auth_service_game_center.svg (compressed_size=991 bytes, uncompressed_size=3921 bytes)
[debug] [2025-10-20T15:33:53.999Z] [unzip] Processing entry: client/assets/provider-icons/auth_service_game_center.svg
[debug] [2025-10-20T15:33:53.999Z] [unzip] else mkdir: /Users/edgarcarrascobaron/.cache/firebase/emulators/ui-v1.15.0/client/assets/provider-icons
[debug] [2025-10-20T15:33:53.999Z] [unzip] deflating: /Users/edgarcarrascobaron/.cache/firebase/emulators/ui-v1.15.0/client/assets/provider-icons/auth_service_game_center.svg
[debug] [2025-10-20T15:33:54.000Z] [unzip] Entry: client/assets/provider-icons/auth_service_apple.svg (compressed_size=230 bytes, uncompressed_size=334 bytes)
[debug] [2025-10-20T15:33:54.000Z] [unzip] Processing entry: client/assets/provider-icons/auth_service_apple.svg
[debug] [2025-10-20T15:33:54.000Z] [unzip] else mkdir: /Users/edgarcarrascobaron/.cache/firebase/emulators/ui-v1.15.0/client/assets/provider-icons
[debug] [2025-10-20T15:33:54.000Z] [unzip] deflating: /Users/edgarcarrascobaron/.cache/firebase/emulators/ui-v1.15.0/client/assets/provider-icons/auth_service_apple.svg
[debug] [2025-10-20T15:33:54.001Z] [unzip] Entry: client/assets/provider-icons/auth_service_github.svg (compressed_size=466 bytes, uncompressed_size=838 bytes)
[debug] [2025-10-20T15:33:54.001Z] [unzip] Processing entry: client/assets/provider-icons/auth_service_github.svg
[debug] [2025-10-20T15:33:54.001Z] [unzip] else mkdir: /Users/edgarcarrascobaron/.cache/firebase/emulators/ui-v1.15.0/client/assets/provider-icons
[debug] [2025-10-20T15:33:54.001Z] [unzip] deflating: /Users/edgarcarrascobaron/.cache/firebase/emulators/ui-v1.15.0/client/assets/provider-icons/auth_service_github.svg
[debug] [2025-10-20T15:33:54.001Z] [unzip] Entry: client/assets/provider-icons/auth_service_mslive.svg (compressed_size=203 bytes, uncompressed_size=378 bytes)
[debug] [2025-10-20T15:33:54.001Z] [unzip] Processing entry: client/assets/provider-icons/auth_service_mslive.svg
[debug] [2025-10-20T15:33:54.001Z] [unzip] else mkdir: /Users/edgarcarrascobaron/.cache/firebase/emulators/ui-v1.15.0/client/assets/provider-icons
[debug] [2025-10-20T15:33:54.001Z] [unzip] deflating: /Users/edgarcarrascobaron/.cache/firebase/emulators/ui-v1.15.0/client/assets/provider-icons/auth_service_mslive.svg
[debug] [2025-10-20T15:33:54.002Z] [unzip] Entry: client/assets/provider-icons/auth_service_yahoo.svg (compressed_size=577 bytes, uncompressed_size=1182 bytes)
[debug] [2025-10-20T15:33:54.002Z] [unzip] Processing entry: client/assets/provider-icons/auth_service_yahoo.svg
[debug] [2025-10-20T15:33:54.002Z] [unzip] else mkdir: /Users/edgarcarrascobaron/.cache/firebase/emulators/ui-v1.15.0/client/assets/provider-icons
[debug] [2025-10-20T15:33:54.002Z] [unzip] deflating: /Users/edgarcarrascobaron/.cache/firebase/emulators/ui-v1.15.0/client/assets/provider-icons/auth_service_yahoo.svg
[debug] [2025-10-20T15:33:54.003Z] [unzip] Entry: client/assets/provider-icons/auth_service_twitter.svg (compressed_size=444 bytes, uncompressed_size=751 bytes)
[debug] [2025-10-20T15:33:54.003Z] [unzip] Processing entry: client/assets/provider-icons/auth_service_twitter.svg
[debug] [2025-10-20T15:33:54.003Z] [unzip] else mkdir: /Users/edgarcarrascobaron/.cache/firebase/emulators/ui-v1.15.0/client/assets/provider-icons
[debug] [2025-10-20T15:33:54.003Z] [unzip] deflating: /Users/edgarcarrascobaron/.cache/firebase/emulators/ui-v1.15.0/client/assets/provider-icons/auth_service_twitter.svg
[debug] [2025-10-20T15:33:54.003Z] [unzip] Entry: client/assets/provider-icons/auth_service_play_games.svg (compressed_size=565 bytes, uncompressed_size=1173 bytes)
[debug] [2025-10-20T15:33:54.003Z] [unzip] Processing entry: client/assets/provider-icons/auth_service_play_games.svg
[debug] [2025-10-20T15:33:54.003Z] [unzip] else mkdir: /Users/edgarcarrascobaron/.cache/firebase/emulators/ui-v1.15.0/client/assets/provider-icons
[debug] [2025-10-20T15:33:54.004Z] [unzip] deflating: /Users/edgarcarrascobaron/.cache/firebase/emulators/ui-v1.15.0/client/assets/provider-icons/auth_service_play_games.svg
[debug] [2025-10-20T15:33:54.004Z] [unzip] Entry: client/assets/provider-icons/auth_service_email.svg (compressed_size=228 bytes, uncompressed_size=326 bytes)
[debug] [2025-10-20T15:33:54.004Z] [unzip] Processing entry: client/assets/provider-icons/auth_service_email.svg
[debug] [2025-10-20T15:33:54.004Z] [unzip] else mkdir: /Users/edgarcarrascobaron/.cache/firebase/emulators/ui-v1.15.0/client/assets/provider-icons
[debug] [2025-10-20T15:33:54.004Z] [unzip] deflating: /Users/edgarcarrascobaron/.cache/firebase/emulators/ui-v1.15.0/client/assets/provider-icons/auth_service_email.svg
[debug] [2025-10-20T15:33:54.005Z] [unzip] Entry: client/assets/provider-icons/auth_service_google.svg (compressed_size=409 bytes, uncompressed_size=720 bytes)
[debug] [2025-10-20T15:33:54.005Z] [unzip] Processing entry: client/assets/provider-icons/auth_service_google.svg
[debug] [2025-10-20T15:33:54.005Z] [unzip] else mkdir: /Users/edgarcarrascobaron/.cache/firebase/emulators/ui-v1.15.0/client/assets/provider-icons
[debug] [2025-10-20T15:33:54.005Z] [unzip] deflating: /Users/edgarcarrascobaron/.cache/firebase/emulators/ui-v1.15.0/client/assets/provider-icons/auth_service_google.svg
[debug] [2025-10-20T15:33:54.006Z] [unzip] Entry: client/assets/provider-icons/auth_service_oidc.svg (compressed_size=414 bytes, uncompressed_size=858 bytes)
[debug] [2025-10-20T15:33:54.006Z] [unzip] Processing entry: client/assets/provider-icons/auth_service_oidc.svg
[debug] [2025-10-20T15:33:54.006Z] [unzip] else mkdir: /Users/edgarcarrascobaron/.cache/firebase/emulators/ui-v1.15.0/client/assets/provider-icons
[debug] [2025-10-20T15:33:54.006Z] [unzip] deflating: /Users/edgarcarrascobaron/.cache/firebase/emulators/ui-v1.15.0/client/assets/provider-icons/auth_service_oidc.svg
[debug] [2025-10-20T15:33:54.006Z] [unzip] Entry: client/browserconfig.xml (compressed_size=491 bytes, uncompressed_size=822 bytes)
[debug] [2025-10-20T15:33:54.006Z] [unzip] Processing entry: client/browserconfig.xml
[debug] [2025-10-20T15:33:54.006Z] [unzip] else mkdir: /Users/edgarcarrascobaron/.cache/firebase/emulators/ui-v1.15.0/client
[debug] [2025-10-20T15:33:54.006Z] [unzip] deflating: /Users/edgarcarrascobaron/.cache/firebase/emulators/ui-v1.15.0/client/browserconfig.xml
[debug] [2025-10-20T15:33:54.007Z] [unzip] Entry: client/favicon-32x32.png (compressed_size=475 bytes, uncompressed_size=475 bytes)
[debug] [2025-10-20T15:33:54.007Z] [unzip] Processing entry: client/favicon-32x32.png
[debug] [2025-10-20T15:33:54.007Z] [unzip] else mkdir: /Users/edgarcarrascobaron/.cache/firebase/emulators/ui-v1.15.0/client
[debug] [2025-10-20T15:33:54.007Z] [unzip] Writing file: /Users/edgarcarrascobaron/.cache/firebase/emulators/ui-v1.15.0/client/favicon-32x32.png
[debug] [2025-10-20T15:33:54.008Z] [unzip] Entry: server/ (compressed_size=0 bytes, uncompressed_size=0 bytes)
[debug] [2025-10-20T15:33:54.008Z] [unzip] Processing entry: server/
[debug] [2025-10-20T15:33:54.008Z] [unzip] mkdir: /Users/edgarcarrascobaron/.cache/firebase/emulators/ui-v1.15.0/server/
[debug] [2025-10-20T15:33:54.008Z] [unzip] Entry: server/server.mjs.map (compressed_size=217845 bytes, uncompressed_size=944978 bytes)
[debug] [2025-10-20T15:33:54.008Z] [unzip] Processing entry: server/server.mjs.map
[debug] [2025-10-20T15:33:54.008Z] [unzip] else mkdir: /Users/edgarcarrascobaron/.cache/firebase/emulators/ui-v1.15.0/server
[debug] [2025-10-20T15:33:54.008Z] [unzip] deflating: /Users/edgarcarrascobaron/.cache/firebase/emulators/ui-v1.15.0/server/server.mjs.map
[debug] [2025-10-20T15:33:54.012Z] [unzip] Entry: server/server.mjs (compressed_size=276407 bytes, uncompressed_size=933701 bytes)
[debug] [2025-10-20T15:33:54.012Z] [unzip] Processing entry: server/server.mjs
[debug] [2025-10-20T15:33:54.012Z] [unzip] else mkdir: /Users/edgarcarrascobaron/.cache/firebase/emulators/ui-v1.15.0/server
[debug] [2025-10-20T15:33:54.012Z] [unzip] deflating: /Users/edgarcarrascobaron/.cache/firebase/emulators/ui-v1.15.0/server/server.mjs
[info] i  ui: Removing outdated emulator files: ui-v1.13.0 {"metadata":{"emulator":{"name":"ui"},"message":"Removing outdated emulator files: ui-v1.13.0"}}
[info] i  ui: Removing outdated emulator files: ui-v1.13.0.zip {"metadata":{"emulator":{"name":"ui"},"message":"Removing outdated emulator files: ui-v1.13.0.zip"}}
[info] i  functions: Watching "/Users/edgarcarrascobaron/Documents/work/winter/projects/ncl-certificaciones/ncl-alistamiento-app/functions" for Cloud Functions... {"metadata":{"emulator":{"name":"functions"},"message":"Watching \"/Users/edgarcarrascobaron/Documents/work/winter/projects/ncl-certificaciones/ncl-alistamiento-app/functions\" for Cloud Functions..."}}
[debug] [2025-10-20T15:33:54.041Z] Validating nodejs source
[warn] ⚠  functions: package.json indicates an outdated version of firebase-functions. Please upgrade using npm install --save firebase-functions@latest in your functions directory. 
[warn] ⚠  functions: Please note that there will be breaking changes when you upgrade. 
[debug] [2025-10-20T15:33:55.390Z] > [functions] package.json contents: {
  "name": "functions",
  "scripts": {
    "lint": "eslint --ext .js,.ts .",
    "build": "tsc",
    "build:watch": "tsc --watch",
    "serve": "npm run build && firebase emulators:start --only firestore,functions",
    "shell": "npm run build && firebase functions:shell",
    "start": "npm run shell",
    "deploy": "firebase deploy --only functions",
    "logs": "firebase functions:log"
  },
  "engines": {
    "node": "18"
  },
  "main": "lib/index.js",
  "dependencies": {
    "firebase-admin": "^12.1.0",
    "firebase-functions": "^5.0.0",
    "sharp": "^0.33.5"
  },
  "devDependencies": {
    "@typescript-eslint/eslint-plugin": "^5.12.0",
    "@typescript-eslint/parser": "^5.12.0",
    "eslint": "^8.57.0",
    "eslint-config-google": "^0.14.0",
    "eslint-config-prettier": "^9.1.0",
    "eslint-plugin-import": "^2.25.4",
    "eslint-plugin-prettier": "^5.2.1",
    "firebase-functions-test": "^3.1.0",
    "prettier": "^3.3.3",
    "typescript": "^4.9.0"
  },
  "private": true
}
[debug] [2025-10-20T15:33:55.390Z] Building nodejs source
[debug] [2025-10-20T15:33:55.390Z] Failed to find version of module node: reached end of search path /Users/edgarcarrascobaron/Documents/work/winter/projects/ncl-certificaciones/ncl-alistamiento-app/functions/node_modules
[warn] ⚠  functions: Your requested "node" version "18" doesn't match your global version "22". Using node@22 from host. 
[info] i  functions: You are using a version of firebase-functions SDK (5.0.1) that does not have support for the newest Firebase Extensions features. Please update firebase-functions SDK to >=5.1.0 to use them correctly 
[debug] [2025-10-20T15:33:55.393Z] Could not find functions.yaml. Must use http discovery
[debug] [2025-10-20T15:33:55.400Z] Found firebase-functions binary at '/Users/edgarcarrascobaron/Documents/work/winter/projects/ncl-certificaciones/ncl-alistamiento-app/functions/node_modules/.bin/firebase-functions'
[info] Serving at port 8757

[debug] [2025-10-20T15:33:55.698Z] Got response from /__/functions.yaml {"endpoints":{},"specVersion":"v1alpha1","requiredAPIs":[]}
[info] ✔  functions: Loaded functions definitions from source: . {"metadata":{"emulator":{"name":"functions"},"message":"Loaded functions definitions from source: ."}}
[debug] [2025-10-20T15:34:00.723Z] Could not find VSCode notification endpoint: FetchError: request to http://localhost:40001/vscode/notify failed, reason: . If you are not running the Firebase Data Connect VSCode extension, this is expected and not an issue.
[info] 
┌─────────────────────────────────────────────────────────────┐
│ ✔  All emulators ready! It is now safe to connect your app. │
│ i  View Emulator UI at http://127.0.0.1:4000/               │
└─────────────────────────────────────────────────────────────┘

┌───────────┬────────────────┬─────────────────────────────────┐
│ Emulator  │ Host:Port      │ View in Emulator UI             │
├───────────┼────────────────┼─────────────────────────────────┤
│ Functions │ 127.0.0.1:5001 │ http://127.0.0.1:4000/functions │
├───────────┼────────────────┼─────────────────────────────────┤
│ Firestore │ 127.0.0.1:8080 │ http://127.0.0.1:4000/firestore │
└───────────┴────────────────┴─────────────────────────────────┘
  Emulator Hub host: 127.0.0.1 port: 4400
  Other reserved ports: 4500, 9150

Issues? Report them at https://github.com/firebase/firebase-tools/issues and attach the *-debug.log files.
 
